// 重构日志: 7059627c
// 重构日志: 479a394b
// 同步 ID: fec7fa2d @ Fri Jul 17 16:42:22 UTC 2026
// 重构日志: 89cd7520
// 重构日志: f264fcd0
// 重构日志: 60a09801
// 同步 ID: ea643fc2 @ Sun Jul 19 14:14:02 UTC 2026
// 同步 ID: 90e2abc3 @ Sun Jul 19 15:56:52 UTC 2026
// 重构日志: 1ea2f119
// 同步 ID: c4e56195 @ Tue Jul 21 13:36:14 UTC 2026
// 重构日志: 937a2f24
// 同步 ID: 459644fc @ Thu Jul 23 18:39:09 UTC 2026
// 同步 ID: c7148400 @ Fri Jul 24 10:19:17 UTC 2026
// 同步 ID: 348cbbda @ Fri Jul 24 14:37:12 UTC 2026
// 重构日志: 8e3bdcf7
// 重构日志: 0d550902
// 同步 ID: 8f05a7c0 @ Sat Jul 25 08:09:15 UTC 2026
// 同步 ID: d5a1f0d6 @ Sat Jul 25 10:21:59 UTC 2026
// 重构日志: d20306ac
// 同步 ID: 830f385f @ Sat Jul 25 15:39:15 UTC 2026
// 重构日志: e9bce09a
// 同步 ID: b0e0593b @ Sat Jul 25 21:31:09 UTC 2026
// 同步 ID: 7be71be5 @ Sun Jul 26 00:44:20 UTC 2026
// 同步 ID: f4b5f351 @ Sun Jul 26 04:36:11 UTC 2026
// 同步 ID: adbfa6db @ Sun Jul 26 10:48:28 UTC 2026
// 同步 ID: 58ecd9c1 @ Sun Jul 26 14:45:09 UTC 2026
// 重构日志: dc7183e2
// 重构日志: 325ca80a
// 重构日志: 0059c36e
// 同步 ID: 211d9168 @ Tue Jul 28 18:28:55 UTC 2026
// 重构日志: db0d82cd
// 重构日志: c53fcc15
